module Config
  class << self
    def get
      @config ||= {
        secret: ENV["SESSION_SECRET"] || 'DEV-ONLY-8<FQF8HiF)>l0hbPk£vBQ#IrYsoO}14k\l+-/gIU[j}l0hbPk£vBQ#IrY',
        environment:,
        hmac_secret: ENV["RODAUTH_HMAC_SECRET"] || 'DEV-ONLY',
        jwt_secret: ENV["JWT_SECRET"] || 'DEV-ONLY',
        i18n: {
          translations: ["app/config/locales", "app/config/locales/foo"],
          locale: ["en", "pt-br"]
        },
        db: {
          url: not_production? ? "postgres://user:password@localhost:5432/app_#{environment}" : ENV["DATABASE_URL"]
        },
        assets: {
          host: '/public/assets',
          manifest:
        }
      }
    end

    def not_production? = environment != "production"
    def manifest
      manifest_path = File.expand_path("../../public/assets/manifest.json", __dir__)
      return JSON.parse(File.read(manifest_path)) if File.exist?(manifest_path)

      {}
    end
    
    def environment
      ENV["RACK_ENV"] || "development"
    end
  end
end
